// Jest Snapshot v1, https://goo.gl/fbAQLP

exports[`layoutPost.spec.js snapchot 1`] = `
<section
  className="jsx-3372361866"
>
  <article
    className="jsx-3372361866"
  >
    <h1
      className="jsx-3372361866"
    >
      Layout Title
    </h1>
    <date
      className="jsx-3372361866"
    >
      Thu Oct 18 2018
    </date>
    This is a text
  </article>
  <div>
    <h4>
      Comentários
    </h4>
    <div
      id="disqus_thread"
    />
  </div>
</section>
`;
